#-----------------------------------------------------------
# Vivado v2025.1 (64-bit)
# SW Build 6140274 on Thu May 22 00:12:29 MDT 2025
# IP Build 6138677 on Thu May 22 03:10:11 MDT 2025
# SharedData Build 6139179 on Tue May 20 17:58:58 MDT 2025
# Start of session at: Tue Dec  9 14:24:24 2025
# Process ID         : 7688
# Current directory  : C:/Users/whale/Documents/ECE350/Vivado Projects/ece350-final-project/Project.runs/impl_1
# Command line       : vivado.exe -log Wrapper.vdi -applog -product Vivado -messageDb vivado.pb -mode batch -source Wrapper.tcl -notrace
# Log file           : C:/Users/whale/Documents/ECE350/Vivado Projects/ece350-final-project/Project.runs/impl_1/Wrapper.vdi
# Journal file       : C:/Users/whale/Documents/ECE350/Vivado Projects/ece350-final-project/Project.runs/impl_1\vivado.jou
# Running On         : Roshan-Laptop
# Platform           : Windows Server 2016 or Windows 10
# Operating System   : 26200
# Processor Detail   : Intel(R) Core(TM) i7-8550U CPU @ 1.80GHz
# CPU Frequency      : 1992 MHz
# CPU Physical cores : 4
# CPU Logical cores  : 8
# Host memory        : 17039 MB
# Swap memory        : 2118 MB
# Total Virtual      : 19157 MB
# Available Virtual  : 3722 MB
#-----------------------------------------------------------
source Wrapper.tcl -notrace
