Copyright 1986-2022 Xilinx, Inc. All Rights Reserved. Copyright 2022-2025 Advanced Micro Devices, Inc. All Rights Reserved.
---------------------------------------------------------------------------------------------------------------------------------------------
| Tool Version : Vivado v.2025.1 (win64) Build 6140274 Thu May 22 00:12:29 MDT 2025
| Date         : Tue Dec  9 14:27:46 2025
| Host         : Roshan-Laptop running 64-bit major release  (build 9200)
| Command      : report_drc -file Wrapper_drc_routed.rpt -pb Wrapper_drc_routed.pb -rpx Wrapper_drc_routed.rpx
| Design       : Wrapper
| Device       : xc7a100tcsg324-1
| Speed File   : -1
| Design State : Fully Routed
---------------------------------------------------------------------------------------------------------------------------------------------

Report DRC

Table of Contents
-----------------
1. REPORT SUMMARY
2. REPORT DETAILS

1. REPORT SUMMARY
-----------------
            Netlist: netlist
          Floorplan: design_1
      Design limits: <entire design considered>
           Ruledeck: default
             Max checks: <unlimited>
             Checks found: 29
+-----------+----------+-----------------------------------------------------+--------+
| Rule      | Severity | Description                                         | Checks |
+-----------+----------+-----------------------------------------------------+--------+
| CFGBVS-1  | Warning  | Missing CFGBVS and CONFIG_VOLTAGE Design Properties | 1      |
| CHECK-3   | Warning  | Report rule limit reached                           | 1      |
| DPIP-1    | Warning  | Input pipelining                                    | 1      |
| DPOP-1    | Warning  | PREG Output pipelining                              | 1      |
| DPOP-2    | Warning  | MREG Output pipelining                              | 1      |
| RBOR-1    | Warning  | RAMB output registers                               | 4      |
| REQP-1839 | Warning  | RAMB36 async control check                          | 20     |
+-----------+----------+-----------------------------------------------------+--------+

2. REPORT DETAILS
-----------------
CFGBVS-1#1 Warning
Missing CFGBVS and CONFIG_VOLTAGE Design Properties  
Neither the CFGBVS nor CONFIG_VOLTAGE voltage property is set in the current_design.  Configuration bank voltage select (CFGBVS) must be set to VCCO or GND, and CONFIG_VOLTAGE must be set to the correct configuration voltage, in order to determine the I/O voltage support for the pins in bank 0.  It is suggested to specify these either using the 'Edit Device Properties' function in the GUI or directly in the XDC file using the following syntax:

 set_property CFGBVS value1 [current_design]
 #where value1 is either VCCO or GND

 set_property CONFIG_VOLTAGE value2 [current_design]
 #where value2 is the voltage provided to configuration bank 0

Refer to the device configuration user guide for more information.
Related violations: <none>

CHECK-3#1 Warning
Report rule limit reached  
REQP-1839 rule limit reached: 20 violations have been found.
Related violations: <none>

DPIP-1#1 Warning
Input pipelining  
DSP CPU/pen/servo/pwm_gen/lessThan1 input CPU/pen/servo/pwm_gen/lessThan1/B[17:0] is not pipelined. Pipelining DSP48 input will improve performance.
Related violations: <none>

DPOP-1#1 Warning
PREG Output pipelining  
DSP CPU/pen/servo/pwm_gen/lessThan1 output CPU/pen/servo/pwm_gen/lessThan1/P[47:0] is not pipelined (PREG=0). Pipelining the DSP48 output will improve performance and often saves power so it is suggested whenever possible to fully pipeline this function.  If this DSP48 function was inferred, it is suggested to describe an additional register stage after this function.  If the DSP48 was instantiated in the design, it is suggested to set the PREG attribute to 1.
Related violations: <none>

DPOP-2#1 Warning
MREG Output pipelining  
DSP CPU/pen/servo/pwm_gen/lessThan1 multiplier stage CPU/pen/servo/pwm_gen/lessThan1/P[47:0] is not pipelined (MREG=0). Pipelining the multiplier function will improve performance and will save significant power so it is suggested whenever possible to fully pipeline this function.  If this multiplier was inferred, it is suggested to describe an additional register stage after this function.  If there is no registered adder/accumulator following the multiply function, two pipeline stages are suggested to allow both the MREG and PREG registers to be used.  If the DSP48 was instantiated in the design, it is suggested to set both the MREG and PREG attributes to 1 when performing multiply functions.
Related violations: <none>

RBOR-1#1 Warning
RAMB output registers  
RAMB ProcMem/MemoryArray_reg_0 output DOA (9) is connected to asynchronous registers, if you use synchronous controls you will get better results both in area and delay (RAMB has synchronous registers built in).
Related violations: <none>

RBOR-1#2 Warning
RAMB output registers  
RAMB ProcMem/MemoryArray_reg_1 output DOA (9) is connected to asynchronous registers, if you use synchronous controls you will get better results both in area and delay (RAMB has synchronous registers built in).
Related violations: <none>

RBOR-1#3 Warning
RAMB output registers  
RAMB ProcMem/MemoryArray_reg_2 output DOA (9) is connected to asynchronous registers, if you use synchronous controls you will get better results both in area and delay (RAMB has synchronous registers built in).
Related violations: <none>

RBOR-1#4 Warning
RAMB output registers  
RAMB ProcMem/MemoryArray_reg_3 output DOA (5) is connected to asynchronous registers, if you use synchronous controls you will get better results both in area and delay (RAMB has synchronous registers built in).
Related violations: <none>

REQP-1839#1 Warning
RAMB36 async control check  
The RAMB36E1 ProcMem/MemoryArray_reg_0 has an input control pin ProcMem/MemoryArray_reg_0/ADDRARDADDR[10] (net: ProcMem/memAddr[7]) which is driven by a register (CPU/regOBIR/genblk1[71].dff1/q_reg) that has an active asychronous set or reset. This may cause corruption of the memory contents and/or read values when the set/reset is asserted and is not analyzed by the default static timing analysis. It is suggested to eliminate the use of a set/reset to registers driving this RAMB pin or else use a synchronous reset in which the assertion of the reset is timed by default.
Related violations: <none>

REQP-1839#2 Warning
RAMB36 async control check  
The RAMB36E1 ProcMem/MemoryArray_reg_0 has an input control pin ProcMem/MemoryArray_reg_0/ADDRARDADDR[11] (net: ProcMem/memAddr[8]) which is driven by a register (CPU/regOBIR/genblk1[72].dff1/q_reg) that has an active asychronous set or reset. This may cause corruption of the memory contents and/or read values when the set/reset is asserted and is not analyzed by the default static timing analysis. It is suggested to eliminate the use of a set/reset to registers driving this RAMB pin or else use a synchronous reset in which the assertion of the reset is timed by default.
Related violations: <none>

REQP-1839#3 Warning
RAMB36 async control check  
The RAMB36E1 ProcMem/MemoryArray_reg_0 has an input control pin ProcMem/MemoryArray_reg_0/ADDRARDADDR[12] (net: ProcMem/memAddr[9]) which is driven by a register (CPU/regOBIR/genblk1[73].dff1/q_reg) that has an active asychronous set or reset. This may cause corruption of the memory contents and/or read values when the set/reset is asserted and is not analyzed by the default static timing analysis. It is suggested to eliminate the use of a set/reset to registers driving this RAMB pin or else use a synchronous reset in which the assertion of the reset is timed by default.
Related violations: <none>

REQP-1839#4 Warning
RAMB36 async control check  
The RAMB36E1 ProcMem/MemoryArray_reg_0 has an input control pin ProcMem/MemoryArray_reg_0/ADDRARDADDR[13] (net: ProcMem/memAddr[10]) which is driven by a register (CPU/regOBIR/genblk1[74].dff1/q_reg) that has an active asychronous set or reset. This may cause corruption of the memory contents and/or read values when the set/reset is asserted and is not analyzed by the default static timing analysis. It is suggested to eliminate the use of a set/reset to registers driving this RAMB pin or else use a synchronous reset in which the assertion of the reset is timed by default.
Related violations: <none>

REQP-1839#5 Warning
RAMB36 async control check  
The RAMB36E1 ProcMem/MemoryArray_reg_0 has an input control pin ProcMem/MemoryArray_reg_0/ADDRARDADDR[14] (net: ProcMem/memAddr[11]) which is driven by a register (CPU/regOBIR/genblk1[75].dff1/q_reg) that has an active asychronous set or reset. This may cause corruption of the memory contents and/or read values when the set/reset is asserted and is not analyzed by the default static timing analysis. It is suggested to eliminate the use of a set/reset to registers driving this RAMB pin or else use a synchronous reset in which the assertion of the reset is timed by default.
Related violations: <none>

REQP-1839#6 Warning
RAMB36 async control check  
The RAMB36E1 ProcMem/MemoryArray_reg_0 has an input control pin ProcMem/MemoryArray_reg_0/ADDRARDADDR[3] (net: ProcMem/memAddr[0]) which is driven by a register (CPU/regOBIR/genblk1[64].dff1/q_reg) that has an active asychronous set or reset. This may cause corruption of the memory contents and/or read values when the set/reset is asserted and is not analyzed by the default static timing analysis. It is suggested to eliminate the use of a set/reset to registers driving this RAMB pin or else use a synchronous reset in which the assertion of the reset is timed by default.
Related violations: <none>

REQP-1839#7 Warning
RAMB36 async control check  
The RAMB36E1 ProcMem/MemoryArray_reg_0 has an input control pin ProcMem/MemoryArray_reg_0/ADDRARDADDR[4] (net: ProcMem/memAddr[1]) which is driven by a register (CPU/regOBIR/genblk1[65].dff1/q_reg) that has an active asychronous set or reset. This may cause corruption of the memory contents and/or read values when the set/reset is asserted and is not analyzed by the default static timing analysis. It is suggested to eliminate the use of a set/reset to registers driving this RAMB pin or else use a synchronous reset in which the assertion of the reset is timed by default.
Related violations: <none>

REQP-1839#8 Warning
RAMB36 async control check  
The RAMB36E1 ProcMem/MemoryArray_reg_0 has an input control pin ProcMem/MemoryArray_reg_0/ADDRARDADDR[5] (net: ProcMem/memAddr[2]) which is driven by a register (CPU/regOBIR/genblk1[66].dff1/q_reg) that has an active asychronous set or reset. This may cause corruption of the memory contents and/or read values when the set/reset is asserted and is not analyzed by the default static timing analysis. It is suggested to eliminate the use of a set/reset to registers driving this RAMB pin or else use a synchronous reset in which the assertion of the reset is timed by default.
Related violations: <none>

REQP-1839#9 Warning
RAMB36 async control check  
The RAMB36E1 ProcMem/MemoryArray_reg_0 has an input control pin ProcMem/MemoryArray_reg_0/ADDRARDADDR[6] (net: ProcMem/memAddr[3]) which is driven by a register (CPU/regOBIR/genblk1[67].dff1/q_reg) that has an active asychronous set or reset. This may cause corruption of the memory contents and/or read values when the set/reset is asserted and is not analyzed by the default static timing analysis. It is suggested to eliminate the use of a set/reset to registers driving this RAMB pin or else use a synchronous reset in which the assertion of the reset is timed by default.
Related violations: <none>

REQP-1839#10 Warning
RAMB36 async control check  
The RAMB36E1 ProcMem/MemoryArray_reg_0 has an input control pin ProcMem/MemoryArray_reg_0/ADDRARDADDR[7] (net: ProcMem/memAddr[4]) which is driven by a register (CPU/regOBIR/genblk1[68].dff1/q_reg) that has an active asychronous set or reset. This may cause corruption of the memory contents and/or read values when the set/reset is asserted and is not analyzed by the default static timing analysis. It is suggested to eliminate the use of a set/reset to registers driving this RAMB pin or else use a synchronous reset in which the assertion of the reset is timed by default.
Related violations: <none>

REQP-1839#11 Warning
RAMB36 async control check  
The RAMB36E1 ProcMem/MemoryArray_reg_0 has an input control pin ProcMem/MemoryArray_reg_0/ADDRARDADDR[8] (net: ProcMem/memAddr[5]) which is driven by a register (CPU/regOBIR/genblk1[69].dff1/q_reg) that has an active asychronous set or reset. This may cause corruption of the memory contents and/or read values when the set/reset is asserted and is not analyzed by the default static timing analysis. It is suggested to eliminate the use of a set/reset to registers driving this RAMB pin or else use a synchronous reset in which the assertion of the reset is timed by default.
Related violations: <none>

REQP-1839#12 Warning
RAMB36 async control check  
The RAMB36E1 ProcMem/MemoryArray_reg_0 has an input control pin ProcMem/MemoryArray_reg_0/ADDRARDADDR[9] (net: ProcMem/memAddr[6]) which is driven by a register (CPU/regOBIR/genblk1[70].dff1/q_reg) that has an active asychronous set or reset. This may cause corruption of the memory contents and/or read values when the set/reset is asserted and is not analyzed by the default static timing analysis. It is suggested to eliminate the use of a set/reset to registers driving this RAMB pin or else use a synchronous reset in which the assertion of the reset is timed by default.
Related violations: <none>

REQP-1839#13 Warning
RAMB36 async control check  
The RAMB36E1 ProcMem/MemoryArray_reg_0 has an input control pin ProcMem/MemoryArray_reg_0/WEA[0] (net: ProcMem/WEA[0]) which is driven by a register (CPU/regOBIR/genblk1[27].dff1/q_reg) that has an active asychronous set or reset. This may cause corruption of the memory contents and/or read values when the set/reset is asserted and is not analyzed by the default static timing analysis. It is suggested to eliminate the use of a set/reset to registers driving this RAMB pin or else use a synchronous reset in which the assertion of the reset is timed by default.
Related violations: <none>

REQP-1839#14 Warning
RAMB36 async control check  
The RAMB36E1 ProcMem/MemoryArray_reg_0 has an input control pin ProcMem/MemoryArray_reg_0/WEA[0] (net: ProcMem/WEA[0]) which is driven by a register (CPU/regOBIR/genblk1[28].dff1/q_reg) that has an active asychronous set or reset. This may cause corruption of the memory contents and/or read values when the set/reset is asserted and is not analyzed by the default static timing analysis. It is suggested to eliminate the use of a set/reset to registers driving this RAMB pin or else use a synchronous reset in which the assertion of the reset is timed by default.
Related violations: <none>

REQP-1839#15 Warning
RAMB36 async control check  
The RAMB36E1 ProcMem/MemoryArray_reg_0 has an input control pin ProcMem/MemoryArray_reg_0/WEA[0] (net: ProcMem/WEA[0]) which is driven by a register (CPU/regOBIR/genblk1[29].dff1/q_reg) that has an active asychronous set or reset. This may cause corruption of the memory contents and/or read values when the set/reset is asserted and is not analyzed by the default static timing analysis. It is suggested to eliminate the use of a set/reset to registers driving this RAMB pin or else use a synchronous reset in which the assertion of the reset is timed by default.
Related violations: <none>

REQP-1839#16 Warning
RAMB36 async control check  
The RAMB36E1 ProcMem/MemoryArray_reg_0 has an input control pin ProcMem/MemoryArray_reg_0/WEA[0] (net: ProcMem/WEA[0]) which is driven by a register (CPU/regOBIR/genblk1[30].dff1/q_reg) that has an active asychronous set or reset. This may cause corruption of the memory contents and/or read values when the set/reset is asserted and is not analyzed by the default static timing analysis. It is suggested to eliminate the use of a set/reset to registers driving this RAMB pin or else use a synchronous reset in which the assertion of the reset is timed by default.
Related violations: <none>

REQP-1839#17 Warning
RAMB36 async control check  
The RAMB36E1 ProcMem/MemoryArray_reg_0 has an input control pin ProcMem/MemoryArray_reg_0/WEA[0] (net: ProcMem/WEA[0]) which is driven by a register (CPU/regOBIR/genblk1[31].dff1/q_reg) that has an active asychronous set or reset. This may cause corruption of the memory contents and/or read values when the set/reset is asserted and is not analyzed by the default static timing analysis. It is suggested to eliminate the use of a set/reset to registers driving this RAMB pin or else use a synchronous reset in which the assertion of the reset is timed by default.
Related violations: <none>

REQP-1839#18 Warning
RAMB36 async control check  
The RAMB36E1 ProcMem/MemoryArray_reg_1 has an input control pin ProcMem/MemoryArray_reg_1/ADDRARDADDR[12] (net: ProcMem/memAddr[9]) which is driven by a register (CPU/regOBIR/genblk1[73].dff1/q_reg) that has an active asychronous set or reset. This may cause corruption of the memory contents and/or read values when the set/reset is asserted and is not analyzed by the default static timing analysis. It is suggested to eliminate the use of a set/reset to registers driving this RAMB pin or else use a synchronous reset in which the assertion of the reset is timed by default.
Related violations: <none>

REQP-1839#19 Warning
RAMB36 async control check  
The RAMB36E1 ProcMem/MemoryArray_reg_1 has an input control pin ProcMem/MemoryArray_reg_1/ADDRARDADDR[13] (net: ProcMem/memAddr[10]) which is driven by a register (CPU/regOBIR/genblk1[74].dff1/q_reg) that has an active asychronous set or reset. This may cause corruption of the memory contents and/or read values when the set/reset is asserted and is not analyzed by the default static timing analysis. It is suggested to eliminate the use of a set/reset to registers driving this RAMB pin or else use a synchronous reset in which the assertion of the reset is timed by default.
Related violations: <none>

REQP-1839#20 Warning
RAMB36 async control check  
The RAMB36E1 ProcMem/MemoryArray_reg_1 has an input control pin ProcMem/MemoryArray_reg_1/ADDRARDADDR[14] (net: ProcMem/memAddr[11]) which is driven by a register (CPU/regOBIR/genblk1[75].dff1/q_reg) that has an active asychronous set or reset. This may cause corruption of the memory contents and/or read values when the set/reset is asserted and is not analyzed by the default static timing analysis. It is suggested to eliminate the use of a set/reset to registers driving this RAMB pin or else use a synchronous reset in which the assertion of the reset is timed by default.
Related violations: <none>


